2026-04-07 15:56:31,448 | watchdog             | INFO     | Windows sleep prevention active.
2026-04-07 15:56:31,449 | watchdog             | INFO     | Starting Watchdog supervisor...
2026-04-07 15:56:31,449 | watchdog             | INFO     | =================================================================
2026-04-07 15:56:31,449 | watchdog             | INFO     | WATCHDOG STARTED
2026-04-07 15:56:31,449 | watchdog             | INFO     |   Developer:          mohannad_zahra
2026-04-07 15:56:31,449 | watchdog             | INFO     |   Scraper:            C:\Users\mohan\OneDrive\Desktop\E-Commerce Market Dynamics & XAI Forecasting Engine\Web Scrapper\dist\scraper.exe
2026-04-07 15:56:31,450 | watchdog             | INFO     |   Health check:       every 30s
2026-04-07 15:56:31,450 | watchdog             | INFO     |   Max restarts:       5
2026-04-07 15:56:31,450 | watchdog             | INFO     | =================================================================
2026-04-07 15:56:31,450 | watchdog             | INFO     | Launching scraper: C:\Users\mohan\OneDrive\Desktop\E-Commerce Market Dynamics & XAI Forecasting Engine\Web Scrapper\dist\scraper.exe
2026-04-07 15:56:31,618 | watchdog             | INFO     | Scraper launched successfully (PID=20296)
2026-04-07 15:57:01,619 | watchdog             | ERROR    | SCRAPER CRASHED (crash #1) — {
  "pid": 20296,
  "exit_code": 1,
  "exit_meaning": "General error / unhandled exception",
  "last_output": "[FATAL] Config file not found at C:\\Users\\mohan\\OneDrive\\Desktop\\E-Commerce Market Dynamics & XAI Forecasting Engine\\Web Scrapper\\dist\\config\\config.json\r\n"
}
2026-04-07 15:57:04,184 | watchdog             | INFO     | Waiting 10s before restart attempt 1/5...
2026-04-07 15:57:14,185 | watchdog             | INFO     | Launching scraper: C:\Users\mohan\OneDrive\Desktop\E-Commerce Market Dynamics & XAI Forecasting Engine\Web Scrapper\dist\scraper.exe
2026-04-07 15:57:14,194 | watchdog             | INFO     | Scraper launched successfully (PID=12008)
2026-04-07 15:57:14,194 | watchdog             | INFO     | Scraper restarted successfully (attempt 1/5).
2026-04-07 15:57:44,195 | watchdog             | ERROR    | SCRAPER CRASHED (crash #2) — {
  "pid": 12008,
  "exit_code": 1,
  "exit_meaning": "General error / unhandled exception",
  "last_output": "[FATAL] Config file not found at C:\\Users\\mohan\\OneDrive\\Desktop\\E-Commerce Market Dynamics & XAI Forecasting Engine\\Web Scrapper\\dist\\config\\config.json\r\n"
}
2026-04-07 15:57:46,538 | watchdog             | INFO     | Waiting 10s before restart attempt 2/5...
2026-04-07 15:57:56,539 | watchdog             | INFO     | Launching scraper: C:\Users\mohan\OneDrive\Desktop\E-Commerce Market Dynamics & XAI Forecasting Engine\Web Scrapper\dist\scraper.exe
2026-04-07 15:57:56,546 | watchdog             | INFO     | Scraper launched successfully (PID=13524)
2026-04-07 15:57:56,546 | watchdog             | INFO     | Scraper restarted successfully (attempt 2/5).
2026-04-07 15:58:26,547 | watchdog             | ERROR    | SCRAPER CRASHED (crash #3) — {
  "pid": 13524,
  "exit_code": 1,
  "exit_meaning": "General error / unhandled exception",
  "last_output": "[FATAL] Config file not found at C:\\Users\\mohan\\OneDrive\\Desktop\\E-Commerce Market Dynamics & XAI Forecasting Engine\\Web Scrapper\\dist\\config\\config.json\r\n"
}
2026-04-07 15:58:29,149 | watchdog             | INFO     | Waiting 10s before restart attempt 3/5...
2026-04-07 15:58:39,150 | watchdog             | INFO     | Launching scraper: C:\Users\mohan\OneDrive\Desktop\E-Commerce Market Dynamics & XAI Forecasting Engine\Web Scrapper\dist\scraper.exe
2026-04-07 15:58:39,155 | watchdog             | INFO     | Scraper launched successfully (PID=18880)
2026-04-07 15:58:39,156 | watchdog             | INFO     | Scraper restarted successfully (attempt 3/5).
2026-04-07 15:59:09,157 | watchdog             | ERROR    | SCRAPER CRASHED (crash #4) — {
  "pid": 18880,
  "exit_code": 1,
  "exit_meaning": "General error / unhandled exception",
  "last_output": "[FATAL] Config file not found at C:\\Users\\mohan\\OneDrive\\Desktop\\E-Commerce Market Dynamics & XAI Forecasting Engine\\Web Scrapper\\dist\\config\\config.json\r\n"
}
2026-04-07 15:59:11,638 | watchdog             | INFO     | Waiting 10s before restart attempt 4/5...
2026-04-07 15:59:21,639 | watchdog             | INFO     | Launching scraper: C:\Users\mohan\OneDrive\Desktop\E-Commerce Market Dynamics & XAI Forecasting Engine\Web Scrapper\dist\scraper.exe
2026-04-07 15:59:21,646 | watchdog             | INFO     | Scraper launched successfully (PID=16112)
2026-04-07 15:59:21,647 | watchdog             | INFO     | Scraper restarted successfully (attempt 4/5).
2026-04-07 15:59:51,648 | watchdog             | ERROR    | SCRAPER CRASHED (crash #5) — {
  "pid": 16112,
  "exit_code": 1,
  "exit_meaning": "General error / unhandled exception",
  "last_output": "[FATAL] Config file not found at C:\\Users\\mohan\\OneDrive\\Desktop\\E-Commerce Market Dynamics & XAI Forecasting Engine\\Web Scrapper\\dist\\config\\config.json\r\n"
}
2026-04-07 15:59:54,274 | watchdog             | INFO     | Waiting 10s before restart attempt 5/5...
2026-04-07 16:00:04,275 | watchdog             | INFO     | Launching scraper: C:\Users\mohan\OneDrive\Desktop\E-Commerce Market Dynamics & XAI Forecasting Engine\Web Scrapper\dist\scraper.exe
2026-04-07 16:00:04,278 | watchdog             | INFO     | Scraper launched successfully (PID=15160)
2026-04-07 16:00:04,279 | watchdog             | INFO     | Scraper restarted successfully (attempt 5/5).
2026-04-07 16:00:34,279 | watchdog             | ERROR    | SCRAPER CRASHED (crash #6) — {
  "pid": 15160,
  "exit_code": 1,
  "exit_meaning": "General error / unhandled exception",
  "last_output": "[FATAL] Config file not found at C:\\Users\\mohan\\OneDrive\\Desktop\\E-Commerce Market Dynamics & XAI Forecasting Engine\\Web Scrapper\\dist\\config\\config.json\r\n"
}
2026-04-07 16:00:37,711 | watchdog             | CRITICAL | RESTART BUDGET EXHAUSTED (5/5). Watchdog is shutting down. Manual intervention required.
2026-04-07 16:00:41,809 | watchdog             | INFO     | Sending termination signal to scraper (PID=15160)...
2026-04-07 16:00:41,820 | watchdog             | INFO     | Scraper exited gracefully.
2026-04-07 16:00:41,820 | watchdog             | INFO     | Watchdog shutdown complete.
2026-04-07 16:00:41,860 | watchdog             | INFO     | Process fully terminated.
